ESP-ROM:esp32s3-20210327
Build:Mar 27 2021
rst:0x1 (POWERON),boot:0x8 (SPI_FAST_FLASH_BOOT)
SPIWP:0xee
mode:DIO, clock div:1
load:0x3fce2820,len:0x1154
load:0x403c8700,len:0xd5c
load:0x403cb700,len:0x2df0
entry 0x403c88f0
I (24) boot: ESP-IDF v6.0.1 2nd stage bootloader
I (25) boot: compile time Aug 22 2026 20:28:56
I (25) boot: Multicore bootloader
I (25) boot: chip revision: v0.2
I (28) boot: efuse block revision: v1.4
I (31) boot.esp32s3: Boot SPI Speed : 80MHz
I (35) boot.esp32s3: SPI Mode       : DIO
I (39) boot.esp32s3: SPI Flash Size : 8MB
I (43) boot: Enabling RNG early entropy source...
I (47) boot: Partition Table:
I (50) boot: ## Label            Usage          Type ST Offset   Length
I (56) boot:  0 nvs              WiFi data        01 02 00009000 00006000
I (63) boot:  1 phy_init         RF data          01 01 0000f000 00001000
I (69) boot:  2 factory          factory app      00 00 00010000 00380000
I (76) boot:  3 espeak           Unknown data     01 82 00390000 000c0000
I (82) boot: End of partition table
I (85) esp_image: segment 0: paddr=00010020 vaddr=3c020020 size=160f40h (1445696) map
I (352) esp_image: segment 1: paddr=00170f68 vaddr=3fc8f800 size=025b8h (  9656) load
I (354) esp_image: segment 2: paddr=00173528 vaddr=40374000 size=0b6fch ( 46844) load
I (366) esp_image: segment 3: paddr=0017ec2c vaddr=50000000 size=00024h (    36) load
I (367) esp_image: segment 4: paddr=0017ec58 vaddr=00000000 size=013c0h (  5056) 
I (372) esp_image: segment 5: paddr=00180020 vaddr=42000020 size=17df8h ( 97784) map
I (401) boot: Loaded app from partition at offset 0x10000
I (401) boot: Disabling RNG early entropy source...
I (411) octal_psram: vendor id    : 0x0d (AP)
I (411) octal_psram: dev id       : 0x02 (generation 3)
I (411) octal_psram: density      : 0x03 (64 Mbit)
I (413) octal_psram: good-die     : 0x01 (Pass)
I (418) octal_psram: Latency      : 0x01 (Fixed)
I (422) octal_psram: VCC          : 0x01 (3V)
I (426) octal_psram: SRF          : 0x01 (Fast Refresh)
I (431) octal_psram: BurstType    : 0x01 (Hybrid Wrap)
I (436) octal_psram: BurstLen     : 0x01 (32 Byte)
I (440) octal_psram: Readlatency  : 0x02 (10 cycles@Fixed)
I (446) octal_psram: DriveStrength: 0x00 (1/1)
I (450) MSPI Timing: Enter psram timing tuning
I (455) esp_psram: Found 8MB PSRAM device
I (458) esp_psram: Speed: 80MHz
I (461) cpu_start: Multicore app
I (877) esp_psram: SPI SRAM memory test OK
I (885) cpu_start: GPIO 44 and 43 are used as console UART I/O pins
I (886) cpu_start: Pro cpu start user code
I (886) cpu_start: cpu freq: 240000000 Hz
I (888) app_init: Application information:
I (891) app_init: Project name:     nano_s3
I (895) app_init: App version:      1
I (899) app_init: Compile time:     Aug 22 2026 20:28:33
I (904) app_init: ELF file SHA256:  2f9354731...
I (908) app_init: ESP-IDF:          v6.0.1
I (912) efuse_init: Min chip rev:     v0.0
I (916) efuse_init: Max chip rev:     v0.99 
I (920) efuse_init: Chip rev:         v0.2
I (924) heap_init: Initializing. RAM available for dynamic allocation:
I (930) heap_init: At 3FC9FBD0 len 00049B40 (294 KiB): RAM
I (935) heap_init: At 3FCE9710 len 00005724 (21 KiB): RAM
I (940) heap_init: At 3FCF0000 len 00008000 (32 KiB): DRAM
I (945) heap_init: At 600FE000 len 00001FE8 (7 KiB): RTCRAM
I (951) esp_psram: Adding pool of 8192K of PSRAM memory to heap allocator
I (958) spi_flash: detected chip: boya
I (961) spi_flash: flash io: dio
W (964) spi_flash: Detected size(16384k) larger than the size in the binary image header(8192k). Using the size in the binary image header.
I (976) sleep_gpio: Configure to isolate all GPIO pins in sleep state
I (982) sleep_gpio: Enable automatic switching of GPIO sleep configuration
I (989) main_task: Started on CPU0
I (1001) esp_psram: Reserving pool of 32K of internal memory for DMA/internal allocations
I (1001) main_task: Calling app_main()


================ E12-nano on ESP32-S3 ================
chip    : 2 core(s), rev 2, 240 MHz
psram   : 8388608 bytes
heap    : internal free 326959, largest internal block 233472, spiram free 8386156
blobs   : front @ 0x3c026348, model @ 0x3c0510ac (flash XIP, resident=0/0)
arena   : 217088 bytes @ 0x3fcb06d0 in INTERNAL SRAM (resident=1)
======================================================

seed    : sha256("000001_i200")[:8] = 2236265385529901705, fixture says 2236265385529901705 OK
uniform : 64 values, 0 differ -- BIT-EXACT vs torch.rand
noise   : 1660 values, 552 differ, max |delta| 0.000002 (tol 1e-5) OK
sincos  : max |error| 0.000005 over |phi| <= 32 (worst at -29.327, tol 1e-4) OK

fixture : row 000001_i200, 73 ids (rows.txt says 73), 105984 golden samples (rows.txt says 105984)
seeding : cfg.noise_seed = 2236265385529901705 = sha256("000001_i200")[:8], IDENTICAL to the fixture

---- TIMING r00, SINGLE core, SRAM arena ----
[r00/SRAM/1core] warm-up: rc=0 frames=415 samples=105984 1013077 us (DISCARDED)
[r00/SRAM/1core] run 1: rc=0 frames=415 samples=105984 arena_peak=128944  994024 us  RTF 0.225096
[r00/SRAM/1core] run 2: rc=0 frames=415 samples=105984 arena_peak=128944  994045 us  RTF 0.225101
[r00/SRAM/1core] run 3: rc=0 frames=415 samples=105984 arena_peak=128944  994034 us  RTF 0.225098
[r00/SRAM/1core] run 4: rc=0 frames=415 samples=105984 arena_peak=128944  994051 us  RTF 0.225102
[r00/SRAM/1core] run 5: rc=0 frames=415 samples=105984 arena_peak=128944  994017 us  RTF 0.225094
[r00/SRAM/1core] MEDIAN 994034 us  (min 994017, max 994051, spread 0.003%)
[r00/SRAM/1core] audio 4.416000 s @ 24000 Hz  ==>  RTF = 0.225098   (4.443 x real time)

======== r00/SRAM/2core :: arena 217088 B in INTERNAL SRAM (resident=1) ========
[r00/SRAM/2core] warm-up: rc=0 frames=415 samples=105984 827051 us (DISCARDED)
[r00/SRAM/2core] run 1: rc=0 frames=415 samples=105984 arena_peak=128944  827061 us  RTF 0.187287
[r00/SRAM/2core] run 2: rc=0 frames=415 samples=105984 arena_peak=128944  827047 us  RTF 0.187284
[r00/SRAM/2core] run 3: rc=0 frames=415 samples=105984 arena_peak=128944  827114 us  RTF 0.187299
[r00/SRAM/2core] run 4: rc=0 frames=415 samples=105984 arena_peak=128944  827017 us  RTF 0.187277
[r00/SRAM/2core] run 5: rc=0 frames=415 samples=105984 arena_peak=128944  827114 us  RTF 0.187299
[r00/SRAM/2core] MEDIAN 827061 us  (min 827017, max 827114, spread 0.012%)
[r00/SRAM/2core] audio 4.416000 s @ 24000 Hz  ==>  RTF = 0.187287   (5.339 x real time)
[r00/SRAM/2core] rc=0 frames=415 (fixture 415) samples=105984 (fixture 105984) arena_peak=128944
[r00/SRAM/2core] CORRELATION = 0.987887  rms_ratio = 0.995239  ==> GATE PASS (0.98)
[r00/SRAM/2core] int8 matvec residency: SIMD 91444736 MACs / 10206 calls (100.000%), SCALAR 0 MACs / 0 calls (0.000%)

---- PER-STAGE BREAKDOWN, r00/SRAM/2core (profiling ON; totals run high, read the SHARES) ----
profiled run: rc=0 840762 us wall
  stage                      us    share   us/s-audio
  duration                10498     1.3%         2377
  acoustic                98190    11.8%        22235
  embed+stemLN            67526     8.1%        15291
  trunk dw+LN             66248     8.0%        15002
  trunk pw int8          120983    14.6%        27397
  head LN+quant            6166     0.7%         1396
  head int8+spec par     195371    23.6%        44242
  ifft                   212779    25.7%        48184
  ola+emit+dc             51190     6.2%        11592
  TOTAL(profiled)        828951   100.0%       187715   (frames 415)
  -- FLOAT GLUE (already counted inside the stages above) --
  primitive                  us    share   us/s-audio        calls    ns/call
  LayerNorm calls         16467     2.0%         3729         2490     6613.3
  GLUE TOTAL              16467     2.0%         3729   (LayerNorm only; exp/sincos are
                                                  inside the parallel bin range)

======== r00/PSRAM :: arena 327680 B in PSRAM (resident false -> SIMD off) (resident=0) ========
[r00/PSRAM] warm-up: rc=0 frames=415 samples=105984 4682551 us (DISCARDED)
[r00/PSRAM] run 1: rc=0 frames=415 samples=105984 arena_peak=98864  4682392 us  RTF 1.060324
[r00/PSRAM] run 2: rc=0 frames=415 samples=105984 arena_peak=98864  4682469 us  RTF 1.060342
[r00/PSRAM] run 3: rc=0 frames=415 samples=105984 arena_peak=98864  4682663 us  RTF 1.060386
[r00/PSRAM] run 4: rc=0 frames=415 samples=105984 arena_peak=98864  4682473 us  RTF 1.060343
[r00/PSRAM] run 5: rc=0 frames=415 samples=105984 arena_peak=98864  4682570 us  RTF 1.060365
[r00/PSRAM] MEDIAN 4682473 us  (min 4682392, max 4682663, spread 0.006%)
[r00/PSRAM] audio 4.416000 s @ 24000 Hz  ==>  RTF = 1.060343   (0.943 x real time)
[r00/PSRAM] rc=0 frames=415 (fixture 415) samples=105984 (fixture 105984) arena_peak=98864
[r00/PSRAM] CORRELATION = 0.987887  rms_ratio = 0.995239  ==> GATE PASS (0.98)
[r00/PSRAM] int8 matvec residency: SIMD 0 MACs / 0 calls (0.000%), SCALAR 91513504 MACs / 10209 calls (100.000%)

======== r06/PSRAM :: arena 327680 B in PSRAM (resident false -> SIMD off) (resident=0) ========
[r06/PSRAM] warm-up: rc=0 frames=629 samples=160768 7092406 us (DISCARDED)
[r06/PSRAM] run 1: rc=0 frames=629 samples=160768 arena_peak=145936  7092499 us  RTF 1.058793
[r06/PSRAM] run 2: rc=0 frames=629 samples=160768 arena_peak=145936  7092562 us  RTF 1.058802
[r06/PSRAM] run 3: rc=0 frames=629 samples=160768 arena_peak=145936  7092298 us  RTF 1.058763
[r06/PSRAM] run 4: rc=0 frames=629 samples=160768 arena_peak=145936  7092345 us  RTF 1.058770
[r06/PSRAM] run 5: rc=0 frames=629 samples=160768 arena_peak=145936  7092786 us  RTF 1.058835
[r06/PSRAM] MEDIAN 7092499 us  (min 7092298, max 7092786, spread 0.007%)
[r06/PSRAM] audio 6.698667 s @ 24000 Hz  ==>  RTF = 1.058793   (0.944 x real time)
[r06/PSRAM] rc=0 frames=629 (fixture 629) samples=160768 (fixture 160768) arena_peak=145936
[r06/PSRAM] CORRELATION = 0.984762  rms_ratio = 1.000581  ==> GATE PASS (0.98)
[r06/PSRAM] int8 matvec residency: SIMD 0 MACs / 0 calls (0.000%), SCALAR 138255104 MACs / 15406 calls (100.000%)

======== r06/SRAM/2core :: arena 217088 B in INTERNAL SRAM (resident=1) ========
[r06/SRAM/2core] warm-up: rc=0 frames=629 samples=160768 1241542 us (DISCARDED)
[r06/SRAM/2core] run 1: rc=0 frames=629 samples=160768 arena_peak=171008  1241457 us  RTF 0.185329
[r06/SRAM/2core] run 2: rc=0 frames=629 samples=160768 arena_peak=171008  1241443 us  RTF 0.185327
[r06/SRAM/2core] run 3: rc=0 frames=629 samples=160768 arena_peak=171008  1241407 us  RTF 0.185322
[r06/SRAM/2core] run 4: rc=0 frames=629 samples=160768 arena_peak=171008  1241389 us  RTF 0.185319
[r06/SRAM/2core] run 5: rc=0 frames=629 samples=160768 arena_peak=171008  1241489 us  RTF 0.185334
[r06/SRAM/2core] MEDIAN 1241443 us  (min 1241389, max 1241489, spread 0.008%)
[r06/SRAM/2core] audio 6.698667 s @ 24000 Hz  ==>  RTF = 0.185327   (5.396 x real time)
[r06/SRAM/2core] rc=0 frames=629 (fixture 629) samples=160768 (fixture 160768) arena_peak=171008
[r06/SRAM/2core] CORRELATION = 0.984762  rms_ratio = 1.000581  ==> GATE PASS (0.98)
[r06/SRAM/2core] int8 matvec residency: SIMD 138507952 MACs / 15436 calls (100.000%), SCALAR 0 MACs / 0 calls (0.000%)

---- PER-STAGE BREAKDOWN, r06/SRAM/2core (profiling ON; totals run high, read the SHARES) ----
profiled run: rc=0 1262224 us wall
  stage                      us    share   us/s-audio
  duration                14395     1.2%         2149
  acoustic               143808    11.5%        21468
  embed+stemLN           100819     8.1%        15051
  trunk dw+LN            100193     8.0%        14957
  trunk pw int8          183170    14.7%        27344
  head LN+quant            9527     0.8%         1422
  head int8+spec par     296103    23.7%        44203
  ifft                   322347    25.8%        48121
  ola+emit+dc             77422     6.2%        11558
  TOTAL(profiled)       1247784   100.0%       186273   (frames 629)
  -- FLOAT GLUE (already counted inside the stages above) --
  primitive                  us    share   us/s-audio        calls    ns/call
  LayerNorm calls         24969     2.0%         3727         3774     6616.1
  GLUE TOTAL              24969     2.0%         3727   (LayerNorm only; exp/sincos are
                                                  inside the parallel bin range)

---- SUMMARY ----
r00 SRAM  corr 0.987887   (host fastmath r00 = 0.987887)
r00 PSRAM corr 0.987887
r06 PSRAM corr 0.984762
r06 SRAM  corr 0.984762   (host fastmath r06 = 0.984762 = host MIN)

counts/s-audio at 93.75 fps: exp 47906.250, sincos(2 trig ea) 48093.750, LayerNorm 562.500

RESULT: components OK, correlation PASS
================ END ================
